Invalid command. Please try again.
Invalid command. Please try again.
Invalid command. Please try again.
Invalid command. Please try again.
Invalid command. Please try again.
