gcc -g -o vma main.c vma.c -Wall -Wextra -std=c99 -I.
