Invalid command. Please try again.
Invalid command. Please try again.
Invalid command. Please try again.
Invalid command. Please try again.
Invalid command. Please try again.
Invalid command. Please try again.
Invalid command. Please try again.
Invalid command. Please try again.
Invalid command. Please try again.
The allocated address is outside the size of arena
The allocated address is outside the size of arena
Invalid address for free.
Invalid address for free.
Invalid address for free.
The allocated address is outside the size of arena
Invalid command. Please try again.
Invalid command. Please try again.
Invalid command. Please try again.
The allocated address is outside the size of arena
The allocated address is outside the size of arena
Invalid command. Please try again.
Invalid command. Please try again.
Invalid command. Please try again.
This zone was already allocated.
Total memory: 0x204C51 bytes
Free memory: 0x204C3F bytes
Number of allocated blocks: 3
Number of allocated miniblocks: 3

Block 1 beg