Total memory: 0x51C87E bytes
Free memory: 0x51C87E bytes
Number of allocated blocks: 0
Number of allocated miniblocks: 0
Total memory: 0x51C87E bytes
Free memory: 0x51C87A bytes
Number of allocated blocks: 1
Number of allocated miniblocks: 1

Block 1 begin
Zone: 0x6A3 - 0x6A7
Miniblock 1:		0x6A3		-		0x6A7		| RW-
Block 1 end
Total memory: 0x51C87E bytes
Free memory: 0x51C87A bytes
Number of allocated blocks: 1
Number of allocated miniblocks: 1

Block 1 begin
Zone: 0x6A3 - 0x6A7
Miniblock 1:		0x6A3		-		0x6A7	